#-----------------------------------------------------------
# Vivado v2025.1 (64-bit)
# SW Build 6140274 on Thu May 22 00:12:29 MDT 2025
# IP Build 6138677 on Thu May 22 03:10:11 MDT 2025
# SharedData Build 6139179 on Tue May 20 17:58:58 MDT 2025
# Start of session at: Wed Oct  8 00:52:08 2025
# Process ID         : 22716
# Current directory  : D:/KLTN/ISS-RV32ICMFA/RV32ICMFA
# Command line       : vivado.exe -gui_launcher_event rodinguilauncherevent26584 D:\KLTN\ISS-RV32ICMFA\RV32ICMFA\RV32ICMFA.xpr
# Log file           : D:/KLTN/ISS-RV32ICMFA/RV32ICMFA/vivado.log
# Journal file       : D:/KLTN/ISS-RV32ICMFA/RV32ICMFA\vivado.jou
# Running On         : ZaLaw
# Platform           : Windows Server 2016 or Windows 10
# Operating System   : 26100
# Processor Detail   : 11th Gen Intel(R) Core(TM) i5-11400H @ 2.70GHz
# CPU Frequency      : 2688 MHz
# CPU Physical cores : 6
# CPU Logical cores  : 12
# Host memory        : 16931 MB
# Swap memory        : 4232 MB
# Total Virtual      : 21164 MB
# Available Virtual  : 4877 MB
#-----------------------------------------------------------
start_gui
open_project D:/KLTN/ISS-RV32ICMFA/RV32ICMFA/RV32ICMFA.xpr
update_compile_order -fileset sources_1
