#-----------------------------------------------------------
# Vivado v2025.1 (64-bit)
# SW Build 6140274 on Thu May 22 00:12:29 MDT 2025
# IP Build 6138677 on Thu May 22 03:10:11 MDT 2025
# SharedData Build 6139179 on Tue May 20 17:58:58 MDT 2025
# Start of session at: Wed Oct 15 15:58:01 2025
# Process ID         : 7548
# Current directory  : C:/Law/KLTN/ISS-RV32ICMFA/RV32
# Command line       : vivado.exe -gui_launcher_event rodinguilauncherevent18536 C:\Law\KLTN\ISS-RV32ICMFA\RV32\RV32.xpr
# Log file           : C:/Law/KLTN/ISS-RV32ICMFA/RV32/vivado.log
# Journal file       : C:/Law/KLTN/ISS-RV32ICMFA/RV32\vivado.jou
# Running On         : ZaLaw
# Platform           : Windows Server 2016 or Windows 10
# Operating System   : 26100
# Processor Detail   : 11th Gen Intel(R) Core(TM) i5-11400H @ 2.70GHz
# CPU Frequency      : 2688 MHz
# CPU Physical cores : 6
# CPU Logical cores  : 12
# Host memory        : 16931 MB
# Swap memory        : 6442 MB
# Total Virtual      : 23374 MB
# Available Virtual  : 1464 MB
#-----------------------------------------------------------
start_gui
open_project C:/Law/KLTN/ISS-RV32ICMFA/RV32/RV32.xpr
update_compile_order -fileset sources_1
file mkdir C:/Law/KLTN/ISS-RV32ICMFA/RV32/RV32.srcs/sources_1/new
close [ open C:/Law/KLTN/ISS-RV32ICMFA/RV32/RV32.srcs/sources_1/new/fcvt_wu_s.v w ]
add_files C:/Law/KLTN/ISS-RV32ICMFA/RV32/RV32.srcs/sources_1/new/fcvt_wu_s.v
close [ open C:/Law/KLTN/ISS-RV32ICMFA/RV32/RV32.srcs/sources_1/new/fcvt_s_wu.v w ]
add_files C:/Law/KLTN/ISS-RV32ICMFA/RV32/RV32.srcs/sources_1/new/fcvt_s_wu.v
close [ open C:/Law/KLTN/ISS-RV32ICMFA/RV32/RV32.srcs/sources_1/new/fcvt_w_s.v w ]
add_files C:/Law/KLTN/ISS-RV32ICMFA/RV32/RV32.srcs/sources_1/new/fcvt_w_s.v
close [ open C:/Law/KLTN/ISS-RV32ICMFA/RV32/RV32.srcs/sources_1/new/fcvt_s_w.v w ]
add_files C:/Law/KLTN/ISS-RV32ICMFA/RV32/RV32.srcs/sources_1/new/fcvt_s_w.v
update_compile_order -fileset sources_1
# Disabling source management mode.  This is to allow the top design properties to be set without GUI intervention.
set_property source_mgmt_mode None [current_project]
set_property top fcvt_s_w [current_fileset]
# Re-enabling previously disabled source management mode.
set_property source_mgmt_mode All [current_project]
update_compile_order -fileset sources_1
launch_simulation
source fsub.tcl
close_sim
# Disabling source management mode.  This is to allow the top design properties to be set without GUI intervention.
set_property source_mgmt_mode None [current_project]
set_property top fcvt_s_wu [current_fileset]
# Re-enabling previously disabled source management mode.
set_property source_mgmt_mode All [current_project]
update_compile_order -fileset sources_1
launch_simulation
source fsub.tcl
close_sim
# Disabling source management mode.  This is to allow the top design properties to be set without GUI intervention.
set_property source_mgmt_mode None [current_project]
set_property top fcvt_w_s [current_fileset]
# Re-enabling previously disabled source management mode.
set_property source_mgmt_mode All [current_project]
update_compile_order -fileset sources_1
launch_simulation
source fsub.tcl
close_sim
# Disabling source management mode.  This is to allow the top design properties to be set without GUI intervention.
set_property source_mgmt_mode None [current_project]
set_property top fcvt_wu_s [current_fileset]
# Re-enabling previously disabled source management mode.
set_property source_mgmt_mode All [current_project]
update_compile_order -fileset sources_1
launch_simulation
source fsub.tcl
close_sim
